<?xml version="1.0" encoding="UTF-8"?>
<testsuites name="jest tests" tests="3" failures="1" errors="0" time="1.837">
  <testsuite name="src\App.test.tsx" errors="0" failures="0" skipped="0" timestamp="2021-10-25T10:50:30" time="0.842" tests="1">
    <testcase classname=" renders learn react link" name=" renders learn react link" time="0.001">
    </testcase>
  </testsuite>
  <testsuite name="src\functions\math.test.ts" errors="0" failures="1" skipped="0" timestamp="2021-10-25T10:50:30" time="0.854" tests="2">
    <testcase classname="maths tests should add numbers" name="maths tests should add numbers" time="0.002">
      <failure>Error: expect(received).toEqual(expected) // deep equality

Expected: 3
Received: 8
    at Object.&lt;anonymous&gt; (C:\temp\code\substratm\src\functions\math.test.ts:4:26)
    at Promise.then.completed (C:\temp\code\substratm\node_modules\jest-circus\build\utils.js:276:28)
    at new Promise (&lt;anonymous&gt;)
    at callAsyncCircusFn (C:\temp\code\substratm\node_modules\jest-circus\build\utils.js:216:10)
    at _callCircusTest (C:\temp\code\substratm\node_modules\jest-circus\build\run.js:212:40)
    at processTicksAndRejections (internal/process/task_queues.js:95:5)
    at _runTest (C:\temp\code\substratm\node_modules\jest-circus\build\run.js:149:3)
    at _runTestsForDescribeBlock (C:\temp\code\substratm\node_modules\jest-circus\build\run.js:63:9)
    at _runTestsForDescribeBlock (C:\temp\code\substratm\node_modules\jest-circus\build\run.js:57:9)
    at run (C:\temp\code\substratm\node_modules\jest-circus\build\run.js:25:3)
    at runAndTransformResultsToJestFormat (C:\temp\code\substratm\node_modules\jest-circus\build\legacy-code-todo-rewrite\jestAdapterInit.js:176:21)
    at jestAdapter (C:\temp\code\substratm\node_modules\jest-circus\build\legacy-code-todo-rewrite\jestAdapter.js:109:19)
    at runTestInternal (C:\temp\code\substratm\node_modules\jest-runner\build\runTest.js:380:16)
    at runTest (C:\temp\code\substratm\node_modules\jest-runner\build\runTest.js:472:34)
    at Object.worker (C:\temp\code\substratm\node_modules\jest-runner\build\testWorker.js:133:12)</failure>
    </testcase>
    <testcase classname="simple tests should add numbers" name="simple tests should add numbers" time="0">
    </testcase>
  </testsuite>
</testsuites>